[2026-07-22T21:16:12.255+0000] {manager.py:469} INFO - Processing files using up to 2 processes at a time 
[2026-07-22T21:16:12.256+0000] {manager.py:470} INFO - Process each file at most once every 30 seconds
[2026-07-22T21:16:12.257+0000] {manager.py:471} INFO - Checking for new files in /opt/airflow/dags every 300 seconds
[2026-07-22T21:16:12.261+0000] {manager.py:738} INFO - Searching for files in /opt/airflow/dags
[2026-07-22T21:16:12.264+0000] {manager.py:741} INFO - There are 1 files in /opt/airflow/dags
[2026-07-22T21:16:13.325+0000] {manager.py:879} INFO - 
================================================================================
DAG File Processing Stats

File Path                                    PID  Runtime      # DAGs    # Errors  Last Runtime    Last Run
-----------------------------------------  -----  ---------  --------  ----------  --------------  ----------
/opt/airflow/dags/camera_ingestion_dag.py    173  0.06s             0           0
================================================================================
[2026-07-22T21:16:43.601+0000] {manager.py:879} INFO - 
================================================================================
DAG File Processing Stats

File Path                                    PID  Runtime      # DAGs    # Errors  Last Runtime    Last Run
-----------------------------------------  -----  ---------  --------  ----------  --------------  -------------------
/opt/airflow/dags/camera_ingestion_dag.py    178  0.03s             0           1  0.19s           2026-07-22T21:16:13
================================================================================
[2026-07-22T21:17:14.027+0000] {manager.py:879} INFO - 
================================================================================
DAG File Processing Stats

File Path                                    PID  Runtime      # DAGs    # Errors  Last Runtime    Last Run
-----------------------------------------  -----  ---------  --------  ----------  --------------  -------------------
/opt/airflow/dags/camera_ingestion_dag.py    183  0.07s             0           1  0.33s           2026-07-22T21:16:43
================================================================================
[2026-07-22T21:17:44.373+0000] {manager.py:879} INFO - 
================================================================================
DAG File Processing Stats

File Path                                    PID  Runtime      # DAGs    # Errors  Last Runtime    Last Run
-----------------------------------------  -----  ---------  --------  ----------  --------------  -------------------
/opt/airflow/dags/camera_ingestion_dag.py    188  0.01s             0           1  0.36s           2026-07-22T21:17:14
================================================================================
[2026-07-22T21:18:14.762+0000] {manager.py:879} INFO - 
================================================================================
DAG File Processing Stats

File Path                                  PID    Runtime      # DAGs    # Errors  Last Runtime    Last Run
-----------------------------------------  -----  ---------  --------  ----------  --------------  -------------------
/opt/airflow/dags/camera_ingestion_dag.py                           1           0  1.36s           2026-07-22T21:18:00
================================================================================
[2026-07-22T21:18:44.798+0000] {manager.py:879} INFO - 
================================================================================
DAG File Processing Stats

File Path                                  PID    Runtime      # DAGs    # Errors  Last Runtime    Last Run
-----------------------------------------  -----  ---------  --------  ----------  --------------  -------------------
/opt/airflow/dags/camera_ingestion_dag.py                           1           0  0.84s           2026-07-22T21:18:18
================================================================================
