[2026-07-22T21:16:13.294+0000] {processor.py:161} INFO - Started process (PID=173) to work on /opt/airflow/dags/camera_ingestion_dag.py
[2026-07-22T21:16:13.297+0000] {processor.py:830} INFO - Processing file /opt/airflow/dags/camera_ingestion_dag.py for tasks to queue
[2026-07-22T21:16:13.300+0000] {logging_mixin.py:188} INFO - [2026-07-22T21:16:13.298+0000] {dagbag.py:538} INFO - Filling up the DagBag from /opt/airflow/dags/camera_ingestion_dag.py
[2026-07-22T21:16:13.306+0000] {logging_mixin.py:188} INFO - [2026-07-22T21:16:13.304+0000] {dagbag.py:348} ERROR - Failed to import: /opt/airflow/dags/camera_ingestion_dag.py
Traceback (most recent call last):
  File "/home/airflow/.local/lib/python3.11/site-packages/airflow/models/dagbag.py", line 344, in parse
    loader.exec_module(new_module)
  File "<frozen importlib._bootstrap_external>", line 940, in exec_module
  File "<frozen importlib._bootstrap>", line 241, in _call_with_frames_removed
  File "/opt/airflow/dags/camera_ingestion_dag.py", line 11, in <module>
    with open(CONFIG_FILE_PATH, "r", encoding="utf-8") as f:
         ^^^^^^^^^^^^^^^^^^^^^^^^^^^^^^^^^^^^^^^^^^^^^
FileNotFoundError: [Errno 2] No such file or directory: '/opt/airflow/dags/config.json'
[2026-07-22T21:16:13.307+0000] {processor.py:842} WARNING - No viable dags retrieved from /opt/airflow/dags/camera_ingestion_dag.py
[2026-07-22T21:16:13.418+0000] {processor.py:183} INFO - Processing /opt/airflow/dags/camera_ingestion_dag.py took 0.132 seconds
[2026-07-22T21:16:43.644+0000] {processor.py:161} INFO - Started process (PID=178) to work on /opt/airflow/dags/camera_ingestion_dag.py
[2026-07-22T21:16:43.646+0000] {processor.py:830} INFO - Processing file /opt/airflow/dags/camera_ingestion_dag.py for tasks to queue
[2026-07-22T21:16:43.647+0000] {logging_mixin.py:188} INFO - [2026-07-22T21:16:43.647+0000] {dagbag.py:538} INFO - Filling up the DagBag from /opt/airflow/dags/camera_ingestion_dag.py
[2026-07-22T21:16:43.661+0000] {logging_mixin.py:188} INFO - [2026-07-22T21:16:43.657+0000] {dagbag.py:348} ERROR - Failed to import: /opt/airflow/dags/camera_ingestion_dag.py
Traceback (most recent call last):
  File "/home/airflow/.local/lib/python3.11/site-packages/airflow/models/dagbag.py", line 344, in parse
    loader.exec_module(new_module)
  File "<frozen importlib._bootstrap_external>", line 940, in exec_module
  File "<frozen importlib._bootstrap>", line 241, in _call_with_frames_removed
  File "/opt/airflow/dags/camera_ingestion_dag.py", line 11, in <module>
    with open(CONFIG_FILE_PATH, "r", encoding="utf-8") as f:
         ^^^^^^^^^^^^^^^^^^^^^^^^^^^^^^^^^^^^^^^^^^^^^
FileNotFoundError: [Errno 2] No such file or directory: '/opt/airflow/dags/config.json'
[2026-07-22T21:16:43.663+0000] {processor.py:842} WARNING - No viable dags retrieved from /opt/airflow/dags/camera_ingestion_dag.py
[2026-07-22T21:16:43.865+0000] {processor.py:183} INFO - Processing /opt/airflow/dags/camera_ingestion_dag.py took 0.251 seconds
[2026-07-22T21:17:14.097+0000] {processor.py:161} INFO - Started process (PID=183) to work on /opt/airflow/dags/camera_ingestion_dag.py
[2026-07-22T21:17:14.099+0000] {processor.py:830} INFO - Processing file /opt/airflow/dags/camera_ingestion_dag.py for tasks to queue
[2026-07-22T21:17:14.107+0000] {logging_mixin.py:188} INFO - [2026-07-22T21:17:14.103+0000] {dagbag.py:538} INFO - Filling up the DagBag from /opt/airflow/dags/camera_ingestion_dag.py
[2026-07-22T21:17:14.138+0000] {logging_mixin.py:188} INFO - [2026-07-22T21:17:14.135+0000] {dagbag.py:348} ERROR - Failed to import: /opt/airflow/dags/camera_ingestion_dag.py
Traceback (most recent call last):
  File "/home/airflow/.local/lib/python3.11/site-packages/airflow/models/dagbag.py", line 344, in parse
    loader.exec_module(new_module)
  File "<frozen importlib._bootstrap_external>", line 940, in exec_module
  File "<frozen importlib._bootstrap>", line 241, in _call_with_frames_removed
  File "/opt/airflow/dags/camera_ingestion_dag.py", line 11, in <module>
    with open(CONFIG_FILE_PATH, "r", encoding="utf-8") as f:
         ^^^^^^^^^^^^^^^^^^^^^^^^^^^^^^^^^^^^^^^^^^^^^
FileNotFoundError: [Errno 2] No such file or directory: '/opt/airflow/dags/config.json'
[2026-07-22T21:17:14.139+0000] {processor.py:842} WARNING - No viable dags retrieved from /opt/airflow/dags/camera_ingestion_dag.py
[2026-07-22T21:17:14.280+0000] {processor.py:183} INFO - Processing /opt/airflow/dags/camera_ingestion_dag.py took 0.227 seconds
[2026-07-22T21:17:44.392+0000] {processor.py:161} INFO - Started process (PID=188) to work on /opt/airflow/dags/camera_ingestion_dag.py
[2026-07-22T21:17:44.394+0000] {processor.py:830} INFO - Processing file /opt/airflow/dags/camera_ingestion_dag.py for tasks to queue
[2026-07-22T21:17:44.396+0000] {logging_mixin.py:188} INFO - [2026-07-22T21:17:44.395+0000] {dagbag.py:538} INFO - Filling up the DagBag from /opt/airflow/dags/camera_ingestion_dag.py
[2026-07-22T21:17:44.406+0000] {logging_mixin.py:188} INFO - [2026-07-22T21:17:44.404+0000] {dagbag.py:348} ERROR - Failed to import: /opt/airflow/dags/camera_ingestion_dag.py
Traceback (most recent call last):
  File "/home/airflow/.local/lib/python3.11/site-packages/airflow/models/dagbag.py", line 344, in parse
    loader.exec_module(new_module)
  File "<frozen importlib._bootstrap_external>", line 940, in exec_module
  File "<frozen importlib._bootstrap>", line 241, in _call_with_frames_removed
  File "/opt/airflow/dags/camera_ingestion_dag.py", line 11, in <module>
    with open(CONFIG_FILE_PATH, "r", encoding="utf-8") as f:
         ^^^^^^^^^^^^^^^^^^^^^^^^^^^^^^^^^^^^^^^^^^^^^
FileNotFoundError: [Errno 2] No such file or directory: '/opt/airflow/dags/config.json'
[2026-07-22T21:17:44.407+0000] {processor.py:842} WARNING - No viable dags retrieved from /opt/airflow/dags/camera_ingestion_dag.py
[2026-07-22T21:17:44.470+0000] {processor.py:183} INFO - Processing /opt/airflow/dags/camera_ingestion_dag.py took 0.088 seconds
[2026-07-22T21:17:59.545+0000] {processor.py:161} INFO - Started process (PID=193) to work on /opt/airflow/dags/camera_ingestion_dag.py
[2026-07-22T21:17:59.547+0000] {processor.py:830} INFO - Processing file /opt/airflow/dags/camera_ingestion_dag.py for tasks to queue
[2026-07-22T21:17:59.549+0000] {logging_mixin.py:188} INFO - [2026-07-22T21:17:59.548+0000] {dagbag.py:538} INFO - Filling up the DagBag from /opt/airflow/dags/camera_ingestion_dag.py
[2026-07-22T21:17:59.637+0000] {logging_mixin.py:188} WARNING - /home/airflow/.local/lib/python3.11/site-packages/airflow/models/baseoperator.py:437 AirflowProviderDeprecationWarning: `region` is deprecated and will be removed in the future. Please use `region_name` instead.
[2026-07-22T21:17:59.705+0000] {processor.py:840} INFO - DAG(s) 'camara_ingestion_pipeline' retrieved from /opt/airflow/dags/camera_ingestion_dag.py
[2026-07-22T21:18:00.558+0000] {logging_mixin.py:188} INFO - [2026-07-22T21:18:00.556+0000] {override.py:1769} INFO - Created Permission View: can delete on DAG:camara_ingestion_pipeline
[2026-07-22T21:18:00.592+0000] {logging_mixin.py:188} INFO - [2026-07-22T21:18:00.591+0000] {override.py:1769} INFO - Created Permission View: can read on DAG:camara_ingestion_pipeline
[2026-07-22T21:18:00.611+0000] {logging_mixin.py:188} INFO - [2026-07-22T21:18:00.610+0000] {override.py:1769} INFO - Created Permission View: can edit on DAG:camara_ingestion_pipeline
[2026-07-22T21:18:00.611+0000] {logging_mixin.py:188} INFO - [2026-07-22T21:18:00.611+0000] {dag.py:3036} INFO - Sync 1 DAGs
[2026-07-22T21:18:00.657+0000] {logging_mixin.py:188} INFO - [2026-07-22T21:18:00.657+0000] {dag.py:3058} INFO - Creating ORM DAG for camara_ingestion_pipeline
[2026-07-22T21:18:00.712+0000] {logging_mixin.py:188} INFO - [2026-07-22T21:18:00.711+0000] {dag.py:3823} INFO - Setting next_dagrun for camara_ingestion_pipeline to 2026-07-12 00:00:00+00:00, run_after=2026-07-19 00:00:00+00:00
[2026-07-22T21:18:00.810+0000] {processor.py:183} INFO - Processing /opt/airflow/dags/camera_ingestion_dag.py took 1.274 seconds
[2026-07-22T21:18:17.943+0000] {processor.py:161} INFO - Started process (PID=198) to work on /opt/airflow/dags/camera_ingestion_dag.py
[2026-07-22T21:18:17.954+0000] {processor.py:830} INFO - Processing file /opt/airflow/dags/camera_ingestion_dag.py for tasks to queue
[2026-07-22T21:18:17.959+0000] {logging_mixin.py:188} INFO - [2026-07-22T21:18:17.958+0000] {dagbag.py:538} INFO - Filling up the DagBag from /opt/airflow/dags/camera_ingestion_dag.py
[2026-07-22T21:18:18.071+0000] {logging_mixin.py:188} WARNING - /home/airflow/.local/lib/python3.11/site-packages/airflow/models/baseoperator.py:437 AirflowProviderDeprecationWarning: `region` is deprecated and will be removed in the future. Please use `region_name` instead.
[2026-07-22T21:18:18.194+0000] {processor.py:840} INFO - DAG(s) 'camara_ingestion_pipeline' retrieved from /opt/airflow/dags/camera_ingestion_dag.py
[2026-07-22T21:18:18.325+0000] {logging_mixin.py:188} INFO - [2026-07-22T21:18:18.324+0000] {dag.py:3036} INFO - Sync 1 DAGs
[2026-07-22T21:18:18.536+0000] {logging_mixin.py:188} INFO - [2026-07-22T21:18:18.535+0000] {dag.py:3823} INFO - Setting next_dagrun for camara_ingestion_pipeline to 2026-07-12 00:00:00+00:00, run_after=2026-07-19 00:00:00+00:00
[2026-07-22T21:18:18.598+0000] {processor.py:183} INFO - Processing /opt/airflow/dags/camera_ingestion_dag.py took 0.707 seconds
[2026-07-22T21:18:48.855+0000] {processor.py:161} INFO - Started process (PID=203) to work on /opt/airflow/dags/camera_ingestion_dag.py
[2026-07-22T21:18:48.858+0000] {processor.py:830} INFO - Processing file /opt/airflow/dags/camera_ingestion_dag.py for tasks to queue
[2026-07-22T21:18:48.860+0000] {logging_mixin.py:188} INFO - [2026-07-22T21:18:48.859+0000] {dagbag.py:538} INFO - Filling up the DagBag from /opt/airflow/dags/camera_ingestion_dag.py
[2026-07-22T21:18:48.899+0000] {logging_mixin.py:188} WARNING - /home/airflow/.local/lib/python3.11/site-packages/airflow/models/baseoperator.py:437 AirflowProviderDeprecationWarning: `region` is deprecated and will be removed in the future. Please use `region_name` instead.
[2026-07-22T21:18:48.927+0000] {processor.py:840} INFO - DAG(s) 'camara_ingestion_pipeline' retrieved from /opt/airflow/dags/camera_ingestion_dag.py
[2026-07-22T21:18:49.027+0000] {logging_mixin.py:188} INFO - [2026-07-22T21:18:49.027+0000] {dag.py:3036} INFO - Sync 1 DAGs
[2026-07-22T21:18:49.083+0000] {logging_mixin.py:188} INFO - [2026-07-22T21:18:49.082+0000] {dag.py:3823} INFO - Setting next_dagrun for camara_ingestion_pipeline to 2026-07-12 00:00:00+00:00, run_after=2026-07-19 00:00:00+00:00
[2026-07-22T21:18:49.133+0000] {processor.py:183} INFO - Processing /opt/airflow/dags/camera_ingestion_dag.py took 0.284 seconds
[2026-07-22T21:19:19.378+0000] {processor.py:161} INFO - Started process (PID=208) to work on /opt/airflow/dags/camera_ingestion_dag.py
[2026-07-22T21:19:19.383+0000] {processor.py:830} INFO - Processing file /opt/airflow/dags/camera_ingestion_dag.py for tasks to queue
[2026-07-22T21:19:19.386+0000] {logging_mixin.py:188} INFO - [2026-07-22T21:19:19.385+0000] {dagbag.py:538} INFO - Filling up the DagBag from /opt/airflow/dags/camera_ingestion_dag.py
[2026-07-22T21:19:19.407+0000] {logging_mixin.py:188} WARNING - /home/airflow/.local/lib/python3.11/site-packages/airflow/models/baseoperator.py:437 AirflowProviderDeprecationWarning: `region` is deprecated and will be removed in the future. Please use `region_name` instead.
[2026-07-22T21:19:19.438+0000] {processor.py:840} INFO - DAG(s) 'camara_ingestion_pipeline' retrieved from /opt/airflow/dags/camera_ingestion_dag.py
[2026-07-22T21:19:19.556+0000] {logging_mixin.py:188} INFO - [2026-07-22T21:19:19.556+0000] {dag.py:3036} INFO - Sync 1 DAGs
[2026-07-22T21:19:19.617+0000] {logging_mixin.py:188} INFO - [2026-07-22T21:19:19.617+0000] {dag.py:3823} INFO - Setting next_dagrun for camara_ingestion_pipeline to 2026-07-12 00:00:00+00:00, run_after=2026-07-19 00:00:00+00:00
[2026-07-22T21:19:19.666+0000] {processor.py:183} INFO - Processing /opt/airflow/dags/camera_ingestion_dag.py took 0.299 seconds
[2026-07-22T21:19:49.908+0000] {processor.py:161} INFO - Started process (PID=213) to work on /opt/airflow/dags/camera_ingestion_dag.py
[2026-07-22T21:19:49.911+0000] {processor.py:830} INFO - Processing file /opt/airflow/dags/camera_ingestion_dag.py for tasks to queue
[2026-07-22T21:19:49.914+0000] {logging_mixin.py:188} INFO - [2026-07-22T21:19:49.913+0000] {dagbag.py:538} INFO - Filling up the DagBag from /opt/airflow/dags/camera_ingestion_dag.py
[2026-07-22T21:19:49.935+0000] {logging_mixin.py:188} WARNING - /home/airflow/.local/lib/python3.11/site-packages/airflow/models/baseoperator.py:437 AirflowProviderDeprecationWarning: `region` is deprecated and will be removed in the future. Please use `region_name` instead.
[2026-07-22T21:19:49.965+0000] {processor.py:840} INFO - DAG(s) 'camara_ingestion_pipeline' retrieved from /opt/airflow/dags/camera_ingestion_dag.py
[2026-07-22T21:19:50.068+0000] {logging_mixin.py:188} INFO - [2026-07-22T21:19:50.067+0000] {dag.py:3036} INFO - Sync 1 DAGs
[2026-07-22T21:19:50.234+0000] {logging_mixin.py:188} INFO - [2026-07-22T21:19:50.229+0000] {dag.py:3823} INFO - Setting next_dagrun for camara_ingestion_pipeline to 2026-07-12 00:00:00+00:00, run_after=2026-07-19 00:00:00+00:00
[2026-07-22T21:19:50.328+0000] {processor.py:183} INFO - Processing /opt/airflow/dags/camera_ingestion_dag.py took 0.429 seconds
[2026-07-22T21:20:21.046+0000] {processor.py:161} INFO - Started process (PID=234) to work on /opt/airflow/dags/camera_ingestion_dag.py
[2026-07-22T21:20:21.072+0000] {processor.py:830} INFO - Processing file /opt/airflow/dags/camera_ingestion_dag.py for tasks to queue
[2026-07-22T21:20:21.096+0000] {logging_mixin.py:188} INFO - [2026-07-22T21:20:21.082+0000] {dagbag.py:538} INFO - Filling up the DagBag from /opt/airflow/dags/camera_ingestion_dag.py
[2026-07-22T21:20:21.396+0000] {logging_mixin.py:188} WARNING - /home/airflow/.local/lib/python3.11/site-packages/airflow/models/baseoperator.py:437 AirflowProviderDeprecationWarning: `region` is deprecated and will be removed in the future. Please use `region_name` instead.
[2026-07-22T21:20:21.615+0000] {processor.py:840} INFO - DAG(s) 'camara_ingestion_pipeline' retrieved from /opt/airflow/dags/camera_ingestion_dag.py
[2026-07-22T21:20:22.772+0000] {logging_mixin.py:188} INFO - [2026-07-22T21:20:22.771+0000] {dag.py:3036} INFO - Sync 1 DAGs
[2026-07-22T21:20:25.445+0000] {logging_mixin.py:188} INFO - [2026-07-22T21:20:25.440+0000] {dag.py:3823} INFO - Setting next_dagrun for camara_ingestion_pipeline to 2026-07-19 00:00:00+00:00, run_after=2026-07-26 00:00:00+00:00
[2026-07-22T21:20:25.848+0000] {processor.py:183} INFO - Processing /opt/airflow/dags/camera_ingestion_dag.py took 4.945 seconds
[2026-07-22T21:20:58.460+0000] {processor.py:161} INFO - Started process (PID=287) to work on /opt/airflow/dags/camera_ingestion_dag.py
[2026-07-22T21:20:58.483+0000] {processor.py:830} INFO - Processing file /opt/airflow/dags/camera_ingestion_dag.py for tasks to queue
[2026-07-22T21:20:58.516+0000] {logging_mixin.py:188} INFO - [2026-07-22T21:20:58.502+0000] {dagbag.py:538} INFO - Filling up the DagBag from /opt/airflow/dags/camera_ingestion_dag.py
[2026-07-22T21:20:58.955+0000] {logging_mixin.py:188} WARNING - /home/airflow/.local/lib/python3.11/site-packages/airflow/models/baseoperator.py:437 AirflowProviderDeprecationWarning: `region` is deprecated and will be removed in the future. Please use `region_name` instead.
[2026-07-22T21:20:59.192+0000] {processor.py:840} INFO - DAG(s) 'camara_ingestion_pipeline' retrieved from /opt/airflow/dags/camera_ingestion_dag.py
[2026-07-22T21:21:00.359+0000] {logging_mixin.py:188} INFO - [2026-07-22T21:21:00.359+0000] {dag.py:3036} INFO - Sync 1 DAGs
[2026-07-22T21:21:03.109+0000] {logging_mixin.py:188} INFO - [2026-07-22T21:21:03.108+0000] {dag.py:3823} INFO - Setting next_dagrun for camara_ingestion_pipeline to 2026-07-19 00:00:00+00:00, run_after=2026-07-26 00:00:00+00:00
[2026-07-22T21:21:03.321+0000] {processor.py:183} INFO - Processing /opt/airflow/dags/camera_ingestion_dag.py took 5.231 seconds
[2026-07-22T21:21:34.074+0000] {processor.py:161} INFO - Started process (PID=324) to work on /opt/airflow/dags/camera_ingestion_dag.py
[2026-07-22T21:21:34.076+0000] {processor.py:830} INFO - Processing file /opt/airflow/dags/camera_ingestion_dag.py for tasks to queue
[2026-07-22T21:21:34.079+0000] {logging_mixin.py:188} INFO - [2026-07-22T21:21:34.078+0000] {dagbag.py:538} INFO - Filling up the DagBag from /opt/airflow/dags/camera_ingestion_dag.py
[2026-07-22T21:21:34.186+0000] {logging_mixin.py:188} WARNING - /home/airflow/.local/lib/python3.11/site-packages/airflow/models/baseoperator.py:437 AirflowProviderDeprecationWarning: `region` is deprecated and will be removed in the future. Please use `region_name` instead.
[2026-07-22T21:21:34.239+0000] {processor.py:840} INFO - DAG(s) 'camara_ingestion_pipeline' retrieved from /opt/airflow/dags/camera_ingestion_dag.py
[2026-07-22T21:21:34.373+0000] {logging_mixin.py:188} INFO - [2026-07-22T21:21:34.372+0000] {dag.py:3036} INFO - Sync 1 DAGs
[2026-07-22T21:21:34.441+0000] {logging_mixin.py:188} INFO - [2026-07-22T21:21:34.441+0000] {dag.py:3823} INFO - Setting next_dagrun for camara_ingestion_pipeline to 2026-07-19 00:00:00+00:00, run_after=2026-07-26 00:00:00+00:00
[2026-07-22T21:21:34.498+0000] {processor.py:183} INFO - Processing /opt/airflow/dags/camera_ingestion_dag.py took 0.435 seconds
[2026-07-22T21:22:04.783+0000] {processor.py:161} INFO - Started process (PID=329) to work on /opt/airflow/dags/camera_ingestion_dag.py
[2026-07-22T21:22:04.784+0000] {processor.py:830} INFO - Processing file /opt/airflow/dags/camera_ingestion_dag.py for tasks to queue
[2026-07-22T21:22:04.787+0000] {logging_mixin.py:188} INFO - [2026-07-22T21:22:04.786+0000] {dagbag.py:538} INFO - Filling up the DagBag from /opt/airflow/dags/camera_ingestion_dag.py
[2026-07-22T21:22:04.829+0000] {logging_mixin.py:188} WARNING - /home/airflow/.local/lib/python3.11/site-packages/airflow/models/baseoperator.py:437 AirflowProviderDeprecationWarning: `region` is deprecated and will be removed in the future. Please use `region_name` instead.
[2026-07-22T21:22:04.879+0000] {processor.py:840} INFO - DAG(s) 'camara_ingestion_pipeline' retrieved from /opt/airflow/dags/camera_ingestion_dag.py
[2026-07-22T21:22:05.023+0000] {logging_mixin.py:188} INFO - [2026-07-22T21:22:05.023+0000] {dag.py:3036} INFO - Sync 1 DAGs
[2026-07-22T21:22:05.089+0000] {logging_mixin.py:188} INFO - [2026-07-22T21:22:05.089+0000] {dag.py:3823} INFO - Setting next_dagrun for camara_ingestion_pipeline to 2026-07-19 00:00:00+00:00, run_after=2026-07-26 00:00:00+00:00
[2026-07-22T21:22:05.142+0000] {processor.py:183} INFO - Processing /opt/airflow/dags/camera_ingestion_dag.py took 0.368 seconds
[2026-07-22T21:22:35.391+0000] {processor.py:161} INFO - Started process (PID=334) to work on /opt/airflow/dags/camera_ingestion_dag.py
[2026-07-22T21:22:35.393+0000] {processor.py:830} INFO - Processing file /opt/airflow/dags/camera_ingestion_dag.py for tasks to queue
[2026-07-22T21:22:35.395+0000] {logging_mixin.py:188} INFO - [2026-07-22T21:22:35.394+0000] {dagbag.py:538} INFO - Filling up the DagBag from /opt/airflow/dags/camera_ingestion_dag.py
[2026-07-22T21:22:35.418+0000] {logging_mixin.py:188} WARNING - /home/airflow/.local/lib/python3.11/site-packages/airflow/models/baseoperator.py:437 AirflowProviderDeprecationWarning: `region` is deprecated and will be removed in the future. Please use `region_name` instead.
[2026-07-22T21:22:35.445+0000] {processor.py:840} INFO - DAG(s) 'camara_ingestion_pipeline' retrieved from /opt/airflow/dags/camera_ingestion_dag.py
[2026-07-22T21:22:35.536+0000] {logging_mixin.py:188} INFO - [2026-07-22T21:22:35.536+0000] {dag.py:3036} INFO - Sync 1 DAGs
[2026-07-22T21:22:35.576+0000] {logging_mixin.py:188} INFO - [2026-07-22T21:22:35.575+0000] {dag.py:3823} INFO - Setting next_dagrun for camara_ingestion_pipeline to 2026-07-19 00:00:00+00:00, run_after=2026-07-26 00:00:00+00:00
[2026-07-22T21:22:35.614+0000] {processor.py:183} INFO - Processing /opt/airflow/dags/camera_ingestion_dag.py took 0.231 seconds
[2026-07-22T21:23:05.840+0000] {processor.py:161} INFO - Started process (PID=339) to work on /opt/airflow/dags/camera_ingestion_dag.py
[2026-07-22T21:23:05.842+0000] {processor.py:830} INFO - Processing file /opt/airflow/dags/camera_ingestion_dag.py for tasks to queue
[2026-07-22T21:23:05.845+0000] {logging_mixin.py:188} INFO - [2026-07-22T21:23:05.844+0000] {dagbag.py:538} INFO - Filling up the DagBag from /opt/airflow/dags/camera_ingestion_dag.py
[2026-07-22T21:23:05.868+0000] {logging_mixin.py:188} WARNING - /home/airflow/.local/lib/python3.11/site-packages/airflow/models/baseoperator.py:437 AirflowProviderDeprecationWarning: `region` is deprecated and will be removed in the future. Please use `region_name` instead.
[2026-07-22T21:23:05.894+0000] {processor.py:840} INFO - DAG(s) 'camara_ingestion_pipeline' retrieved from /opt/airflow/dags/camera_ingestion_dag.py
[2026-07-22T21:23:05.975+0000] {logging_mixin.py:188} INFO - [2026-07-22T21:23:05.975+0000] {dag.py:3036} INFO - Sync 1 DAGs
[2026-07-22T21:23:06.022+0000] {logging_mixin.py:188} INFO - [2026-07-22T21:23:06.021+0000] {dag.py:3823} INFO - Setting next_dagrun for camara_ingestion_pipeline to 2026-07-19 00:00:00+00:00, run_after=2026-07-26 00:00:00+00:00
[2026-07-22T21:23:06.066+0000] {processor.py:183} INFO - Processing /opt/airflow/dags/camera_ingestion_dag.py took 0.232 seconds
[2026-07-22T21:23:36.300+0000] {processor.py:161} INFO - Started process (PID=344) to work on /opt/airflow/dags/camera_ingestion_dag.py
[2026-07-22T21:23:36.303+0000] {processor.py:830} INFO - Processing file /opt/airflow/dags/camera_ingestion_dag.py for tasks to queue
[2026-07-22T21:23:36.305+0000] {logging_mixin.py:188} INFO - [2026-07-22T21:23:36.304+0000] {dagbag.py:538} INFO - Filling up the DagBag from /opt/airflow/dags/camera_ingestion_dag.py
[2026-07-22T21:23:36.330+0000] {logging_mixin.py:188} WARNING - /home/airflow/.local/lib/python3.11/site-packages/airflow/models/baseoperator.py:437 AirflowProviderDeprecationWarning: `region` is deprecated and will be removed in the future. Please use `region_name` instead.
[2026-07-22T21:23:36.359+0000] {processor.py:840} INFO - DAG(s) 'camara_ingestion_pipeline' retrieved from /opt/airflow/dags/camera_ingestion_dag.py
[2026-07-22T21:23:36.445+0000] {logging_mixin.py:188} INFO - [2026-07-22T21:23:36.445+0000] {dag.py:3036} INFO - Sync 1 DAGs
[2026-07-22T21:23:36.487+0000] {logging_mixin.py:188} INFO - [2026-07-22T21:23:36.487+0000] {dag.py:3823} INFO - Setting next_dagrun for camara_ingestion_pipeline to 2026-07-19 00:00:00+00:00, run_after=2026-07-26 00:00:00+00:00
[2026-07-22T21:23:36.525+0000] {processor.py:183} INFO - Processing /opt/airflow/dags/camera_ingestion_dag.py took 0.233 seconds
[2026-07-22T21:24:06.748+0000] {processor.py:161} INFO - Started process (PID=349) to work on /opt/airflow/dags/camera_ingestion_dag.py
[2026-07-22T21:24:06.751+0000] {processor.py:830} INFO - Processing file /opt/airflow/dags/camera_ingestion_dag.py for tasks to queue
[2026-07-22T21:24:06.753+0000] {logging_mixin.py:188} INFO - [2026-07-22T21:24:06.752+0000] {dagbag.py:538} INFO - Filling up the DagBag from /opt/airflow/dags/camera_ingestion_dag.py
[2026-07-22T21:24:06.783+0000] {logging_mixin.py:188} WARNING - /home/airflow/.local/lib/python3.11/site-packages/airflow/models/baseoperator.py:437 AirflowProviderDeprecationWarning: `region` is deprecated and will be removed in the future. Please use `region_name` instead.
[2026-07-22T21:24:06.812+0000] {processor.py:840} INFO - DAG(s) 'camara_ingestion_pipeline' retrieved from /opt/airflow/dags/camera_ingestion_dag.py
[2026-07-22T21:24:06.894+0000] {logging_mixin.py:188} INFO - [2026-07-22T21:24:06.893+0000] {dag.py:3036} INFO - Sync 1 DAGs
[2026-07-22T21:24:06.938+0000] {logging_mixin.py:188} INFO - [2026-07-22T21:24:06.938+0000] {dag.py:3823} INFO - Setting next_dagrun for camara_ingestion_pipeline to 2026-07-19 00:00:00+00:00, run_after=2026-07-26 00:00:00+00:00
[2026-07-22T21:24:06.978+0000] {processor.py:183} INFO - Processing /opt/airflow/dags/camera_ingestion_dag.py took 0.237 seconds
[2026-07-22T21:24:37.211+0000] {processor.py:161} INFO - Started process (PID=354) to work on /opt/airflow/dags/camera_ingestion_dag.py
[2026-07-22T21:24:37.214+0000] {processor.py:830} INFO - Processing file /opt/airflow/dags/camera_ingestion_dag.py for tasks to queue
[2026-07-22T21:24:37.215+0000] {logging_mixin.py:188} INFO - [2026-07-22T21:24:37.214+0000] {dagbag.py:538} INFO - Filling up the DagBag from /opt/airflow/dags/camera_ingestion_dag.py
[2026-07-22T21:24:37.242+0000] {logging_mixin.py:188} WARNING - /home/airflow/.local/lib/python3.11/site-packages/airflow/models/baseoperator.py:437 AirflowProviderDeprecationWarning: `region` is deprecated and will be removed in the future. Please use `region_name` instead.
[2026-07-22T21:24:37.268+0000] {processor.py:840} INFO - DAG(s) 'camara_ingestion_pipeline' retrieved from /opt/airflow/dags/camera_ingestion_dag.py
[2026-07-22T21:24:37.349+0000] {logging_mixin.py:188} INFO - [2026-07-22T21:24:37.349+0000] {dag.py:3036} INFO - Sync 1 DAGs
[2026-07-22T21:24:37.396+0000] {logging_mixin.py:188} INFO - [2026-07-22T21:24:37.396+0000] {dag.py:3823} INFO - Setting next_dagrun for camara_ingestion_pipeline to 2026-07-19 00:00:00+00:00, run_after=2026-07-26 00:00:00+00:00
[2026-07-22T21:24:37.444+0000] {processor.py:183} INFO - Processing /opt/airflow/dags/camera_ingestion_dag.py took 0.240 seconds
[2026-07-22T21:25:07.660+0000] {processor.py:161} INFO - Started process (PID=359) to work on /opt/airflow/dags/camera_ingestion_dag.py
[2026-07-22T21:25:07.663+0000] {processor.py:830} INFO - Processing file /opt/airflow/dags/camera_ingestion_dag.py for tasks to queue
[2026-07-22T21:25:07.665+0000] {logging_mixin.py:188} INFO - [2026-07-22T21:25:07.664+0000] {dagbag.py:538} INFO - Filling up the DagBag from /opt/airflow/dags/camera_ingestion_dag.py
[2026-07-22T21:25:07.688+0000] {logging_mixin.py:188} WARNING - /home/airflow/.local/lib/python3.11/site-packages/airflow/models/baseoperator.py:437 AirflowProviderDeprecationWarning: `region` is deprecated and will be removed in the future. Please use `region_name` instead.
[2026-07-22T21:25:07.711+0000] {processor.py:840} INFO - DAG(s) 'camara_ingestion_pipeline' retrieved from /opt/airflow/dags/camera_ingestion_dag.py
[2026-07-22T21:25:07.790+0000] {logging_mixin.py:188} INFO - [2026-07-22T21:25:07.790+0000] {dag.py:3036} INFO - Sync 1 DAGs
[2026-07-22T21:25:07.834+0000] {logging_mixin.py:188} INFO - [2026-07-22T21:25:07.834+0000] {dag.py:3823} INFO - Setting next_dagrun for camara_ingestion_pipeline to 2026-07-19 00:00:00+00:00, run_after=2026-07-26 00:00:00+00:00
[2026-07-22T21:25:07.875+0000] {processor.py:183} INFO - Processing /opt/airflow/dags/camera_ingestion_dag.py took 0.221 seconds
[2026-07-22T21:25:38.092+0000] {processor.py:161} INFO - Started process (PID=364) to work on /opt/airflow/dags/camera_ingestion_dag.py
[2026-07-22T21:25:38.096+0000] {processor.py:830} INFO - Processing file /opt/airflow/dags/camera_ingestion_dag.py for tasks to queue
[2026-07-22T21:25:38.098+0000] {logging_mixin.py:188} INFO - [2026-07-22T21:25:38.097+0000] {dagbag.py:538} INFO - Filling up the DagBag from /opt/airflow/dags/camera_ingestion_dag.py
[2026-07-22T21:25:38.121+0000] {logging_mixin.py:188} WARNING - /home/airflow/.local/lib/python3.11/site-packages/airflow/models/baseoperator.py:437 AirflowProviderDeprecationWarning: `region` is deprecated and will be removed in the future. Please use `region_name` instead.
[2026-07-22T21:25:38.148+0000] {processor.py:840} INFO - DAG(s) 'camara_ingestion_pipeline' retrieved from /opt/airflow/dags/camera_ingestion_dag.py
[2026-07-22T21:25:38.230+0000] {logging_mixin.py:188} INFO - [2026-07-22T21:25:38.229+0000] {dag.py:3036} INFO - Sync 1 DAGs
[2026-07-22T21:25:38.273+0000] {logging_mixin.py:188} INFO - [2026-07-22T21:25:38.273+0000] {dag.py:3823} INFO - Setting next_dagrun for camara_ingestion_pipeline to 2026-07-19 00:00:00+00:00, run_after=2026-07-26 00:00:00+00:00
[2026-07-22T21:25:38.317+0000] {processor.py:183} INFO - Processing /opt/airflow/dags/camera_ingestion_dag.py took 0.232 seconds
[2026-07-22T21:26:08.653+0000] {processor.py:161} INFO - Started process (PID=433) to work on /opt/airflow/dags/camera_ingestion_dag.py
[2026-07-22T21:26:08.662+0000] {processor.py:830} INFO - Processing file /opt/airflow/dags/camera_ingestion_dag.py for tasks to queue
[2026-07-22T21:26:08.679+0000] {logging_mixin.py:188} INFO - [2026-07-22T21:26:08.671+0000] {dagbag.py:538} INFO - Filling up the DagBag from /opt/airflow/dags/camera_ingestion_dag.py
[2026-07-22T21:26:08.927+0000] {logging_mixin.py:188} WARNING - /home/airflow/.local/lib/python3.11/site-packages/airflow/models/baseoperator.py:437 AirflowProviderDeprecationWarning: `region` is deprecated and will be removed in the future. Please use `region_name` instead.
[2026-07-22T21:26:09.025+0000] {processor.py:840} INFO - DAG(s) 'camara_ingestion_pipeline' retrieved from /opt/airflow/dags/camera_ingestion_dag.py
[2026-07-22T21:26:09.395+0000] {logging_mixin.py:188} INFO - [2026-07-22T21:26:09.394+0000] {dag.py:3036} INFO - Sync 1 DAGs
[2026-07-22T21:26:09.553+0000] {logging_mixin.py:188} INFO - [2026-07-22T21:26:09.553+0000] {dag.py:3823} INFO - Setting next_dagrun for camara_ingestion_pipeline to 2026-07-19 00:00:00+00:00, run_after=2026-07-26 00:00:00+00:00
[2026-07-22T21:26:09.640+0000] {processor.py:183} INFO - Processing /opt/airflow/dags/camera_ingestion_dag.py took 1.035 seconds
[2026-07-22T21:26:40.553+0000] {processor.py:161} INFO - Started process (PID=470) to work on /opt/airflow/dags/camera_ingestion_dag.py
[2026-07-22T21:26:40.555+0000] {processor.py:830} INFO - Processing file /opt/airflow/dags/camera_ingestion_dag.py for tasks to queue
[2026-07-22T21:26:40.556+0000] {logging_mixin.py:188} INFO - [2026-07-22T21:26:40.556+0000] {dagbag.py:538} INFO - Filling up the DagBag from /opt/airflow/dags/camera_ingestion_dag.py
[2026-07-22T21:26:40.585+0000] {logging_mixin.py:188} WARNING - /home/airflow/.local/lib/python3.11/site-packages/airflow/models/baseoperator.py:437 AirflowProviderDeprecationWarning: `region` is deprecated and will be removed in the future. Please use `region_name` instead.
[2026-07-22T21:26:40.622+0000] {processor.py:840} INFO - DAG(s) 'camara_ingestion_pipeline' retrieved from /opt/airflow/dags/camera_ingestion_dag.py
[2026-07-22T21:26:40.722+0000] {logging_mixin.py:188} INFO - [2026-07-22T21:26:40.721+0000] {dag.py:3036} INFO - Sync 1 DAGs
[2026-07-22T21:26:40.790+0000] {logging_mixin.py:188} INFO - [2026-07-22T21:26:40.790+0000] {dag.py:3823} INFO - Setting next_dagrun for camara_ingestion_pipeline to 2026-07-19 00:00:00+00:00, run_after=2026-07-26 00:00:00+00:00
[2026-07-22T21:26:40.834+0000] {processor.py:183} INFO - Processing /opt/airflow/dags/camera_ingestion_dag.py took 0.304 seconds
[2026-07-22T21:27:11.154+0000] {processor.py:161} INFO - Started process (PID=475) to work on /opt/airflow/dags/camera_ingestion_dag.py
[2026-07-22T21:27:11.160+0000] {processor.py:830} INFO - Processing file /opt/airflow/dags/camera_ingestion_dag.py for tasks to queue
[2026-07-22T21:27:11.165+0000] {logging_mixin.py:188} INFO - [2026-07-22T21:27:11.162+0000] {dagbag.py:538} INFO - Filling up the DagBag from /opt/airflow/dags/camera_ingestion_dag.py
[2026-07-22T21:27:11.222+0000] {logging_mixin.py:188} WARNING - /home/airflow/.local/lib/python3.11/site-packages/airflow/models/baseoperator.py:437 AirflowProviderDeprecationWarning: `region` is deprecated and will be removed in the future. Please use `region_name` instead.
[2026-07-22T21:27:11.300+0000] {processor.py:840} INFO - DAG(s) 'camara_ingestion_pipeline' retrieved from /opt/airflow/dags/camera_ingestion_dag.py
[2026-07-22T21:27:11.489+0000] {logging_mixin.py:188} INFO - [2026-07-22T21:27:11.489+0000] {dag.py:3036} INFO - Sync 1 DAGs
[2026-07-22T21:27:11.593+0000] {logging_mixin.py:188} INFO - [2026-07-22T21:27:11.592+0000] {dag.py:3823} INFO - Setting next_dagrun for camara_ingestion_pipeline to 2026-07-19 00:00:00+00:00, run_after=2026-07-26 00:00:00+00:00
[2026-07-22T21:27:11.673+0000] {processor.py:183} INFO - Processing /opt/airflow/dags/camera_ingestion_dag.py took 0.532 seconds
[2026-07-22T21:27:41.966+0000] {processor.py:161} INFO - Started process (PID=480) to work on /opt/airflow/dags/camera_ingestion_dag.py
[2026-07-22T21:27:41.969+0000] {processor.py:830} INFO - Processing file /opt/airflow/dags/camera_ingestion_dag.py for tasks to queue
[2026-07-22T21:27:41.971+0000] {logging_mixin.py:188} INFO - [2026-07-22T21:27:41.970+0000] {dagbag.py:538} INFO - Filling up the DagBag from /opt/airflow/dags/camera_ingestion_dag.py
[2026-07-22T21:27:41.995+0000] {logging_mixin.py:188} WARNING - /home/airflow/.local/lib/python3.11/site-packages/airflow/models/baseoperator.py:437 AirflowProviderDeprecationWarning: `region` is deprecated and will be removed in the future. Please use `region_name` instead.
[2026-07-22T21:27:42.026+0000] {processor.py:840} INFO - DAG(s) 'camara_ingestion_pipeline' retrieved from /opt/airflow/dags/camera_ingestion_dag.py
[2026-07-22T21:27:42.122+0000] {logging_mixin.py:188} INFO - [2026-07-22T21:27:42.121+0000] {dag.py:3036} INFO - Sync 1 DAGs
[2026-07-22T21:27:42.167+0000] {logging_mixin.py:188} INFO - [2026-07-22T21:27:42.166+0000] {dag.py:3823} INFO - Setting next_dagrun for camara_ingestion_pipeline to 2026-07-19 00:00:00+00:00, run_after=2026-07-26 00:00:00+00:00
[2026-07-22T21:27:42.209+0000] {processor.py:183} INFO - Processing /opt/airflow/dags/camera_ingestion_dag.py took 0.252 seconds
[2026-07-22T21:28:12.475+0000] {processor.py:161} INFO - Started process (PID=485) to work on /opt/airflow/dags/camera_ingestion_dag.py
[2026-07-22T21:28:12.476+0000] {processor.py:830} INFO - Processing file /opt/airflow/dags/camera_ingestion_dag.py for tasks to queue
[2026-07-22T21:28:12.478+0000] {logging_mixin.py:188} INFO - [2026-07-22T21:28:12.477+0000] {dagbag.py:538} INFO - Filling up the DagBag from /opt/airflow/dags/camera_ingestion_dag.py
[2026-07-22T21:28:12.500+0000] {logging_mixin.py:188} WARNING - /home/airflow/.local/lib/python3.11/site-packages/airflow/models/baseoperator.py:437 AirflowProviderDeprecationWarning: `region` is deprecated and will be removed in the future. Please use `region_name` instead.
[2026-07-22T21:28:12.524+0000] {processor.py:840} INFO - DAG(s) 'camara_ingestion_pipeline' retrieved from /opt/airflow/dags/camera_ingestion_dag.py
[2026-07-22T21:28:12.610+0000] {logging_mixin.py:188} INFO - [2026-07-22T21:28:12.609+0000] {dag.py:3036} INFO - Sync 1 DAGs
[2026-07-22T21:28:12.662+0000] {logging_mixin.py:188} INFO - [2026-07-22T21:28:12.661+0000] {dag.py:3823} INFO - Setting next_dagrun for camara_ingestion_pipeline to 2026-07-19 00:00:00+00:00, run_after=2026-07-26 00:00:00+00:00
[2026-07-22T21:28:12.704+0000] {processor.py:183} INFO - Processing /opt/airflow/dags/camera_ingestion_dag.py took 0.235 seconds
[2026-07-22T21:28:42.931+0000] {processor.py:161} INFO - Started process (PID=490) to work on /opt/airflow/dags/camera_ingestion_dag.py
[2026-07-22T21:28:42.932+0000] {processor.py:830} INFO - Processing file /opt/airflow/dags/camera_ingestion_dag.py for tasks to queue
[2026-07-22T21:28:42.934+0000] {logging_mixin.py:188} INFO - [2026-07-22T21:28:42.933+0000] {dagbag.py:538} INFO - Filling up the DagBag from /opt/airflow/dags/camera_ingestion_dag.py
[2026-07-22T21:28:42.964+0000] {logging_mixin.py:188} WARNING - /home/airflow/.local/lib/python3.11/site-packages/airflow/models/baseoperator.py:437 AirflowProviderDeprecationWarning: `region` is deprecated and will be removed in the future. Please use `region_name` instead.
[2026-07-22T21:28:42.997+0000] {processor.py:840} INFO - DAG(s) 'camara_ingestion_pipeline' retrieved from /opt/airflow/dags/camera_ingestion_dag.py
[2026-07-22T21:28:43.084+0000] {logging_mixin.py:188} INFO - [2026-07-22T21:28:43.083+0000] {dag.py:3036} INFO - Sync 1 DAGs
[2026-07-22T21:28:43.132+0000] {logging_mixin.py:188} INFO - [2026-07-22T21:28:43.132+0000] {dag.py:3823} INFO - Setting next_dagrun for camara_ingestion_pipeline to 2026-07-19 00:00:00+00:00, run_after=2026-07-26 00:00:00+00:00
[2026-07-22T21:28:43.170+0000] {processor.py:183} INFO - Processing /opt/airflow/dags/camera_ingestion_dag.py took 0.251 seconds
